Now analyzing submit.TestFaintness
Method: <init>
Initialization completed.
entry: [T-1]
1 in:  [T-1]
1 out: [R0, T-1]
2 in:  [T-1]
2 out: [T-1]
3 in:  [R0, T-1]
3 out: [R0, T-1]
exit: [R0, T-1]
Method: test1
Initialization completed.
entry: [R0, R1, R3, R4, T2]
1 in:  [R0, R1, R3, R4, T2]
1 out: [R0, R1, R3, R4, T2]
2 in:  [R0, R1, R3, R4, T2]
2 out: [R0, R1, R3, R4, T2]
3 in:  [R0, R1, R3, R4, T2]
3 out: [R0, R1, R3, R4, T2]
4 in:  [R0, R1, R3, R4, T2]
4 out: [R0, R1, R3, R4, T2]
5 in:  [R0, R1, R3, R4, T2]
5 out: [R0, R1, R3, R4, T2]
6 in:  [R0, R1, R3, R4, T2]
6 out: [R0, R1, R3, R4, T2]
exit: [R0, R1, R3, R4, T2]
Method: test2
Initialization completed.
entry: [R0, R2, R4, R5, T3]
1 in:  [R0, R2, R4, R5, T3]
1 out: [R0, R1, R4, R5, T3]
2 in:  [R0, R1, R4, R5, T3]
2 out: [R0, R1, R4, R5, T3]
3 in:  [R0, R1, R4, R5, T3]
3 out: [R0, R1, R4, R5, T3]
4 in:  [R0, R1, R4, R5, T3]
4 out: [R0, R1, R4, R5, T3]
5 in:  [R0, R1, R4, R5, T3]
5 out: [R0, R1, R4, R5, T3]
6 in:  [R0, R1, R4, R5, T3]
6 out: [R0, R1, R2, R4, R5, T3]
exit: [R0, R1, R2, R4, R5, T3]
Infinite loop discovered in submit.TestFaintness.test3 (I)V, linking BB0 (ENTRY) to exit.
Infinite loop discovered in submit.TestFaintness.test3 (I)V, linking BB2 to exit.
Infinite loop discovered in submit.TestFaintness.test3 (I)V, linking BB3 to exit.
Method: test3
Initialization completed.
entry: [R0, R2, R4, R5, R6, R8, R9, T-1, T3, T7]
1 in:  [R0, R2, R4, R5, R6, R8, R9, T-1, T3, T7]
1 out: [R0, R4, R5, R6, R8, R9, T-1, T3, T7]
2 in:  [R0, R4, R5, R6, R8, R9, T-1, T3, T7]
2 out: [R0, R2, R4, R5, R6, R8, R9, T-1, T3, T7]
3 in:  [R0, R2, R4, R5, R6, R8, R9, T-1, T3, T7]
3 out: [R0, R2, R4, R5, R6, R8, R9, T-1, T3, T7]
4 in:  [R0, R2, R4, R5, R6, R8, R9, T-1, T3, T7]
4 out: [R0, R2, R4, R6, R8, R9, T-1, T3, T7]
5 in:  [R0, R2, R4, R6, R8, R9, T-1, T3, T7]
5 out: [R0, R2, R4, R6, R8, R9, T-1, T7]
6 in:  [R0, R2, R4, R6, R8, R9, T-1, T7]
6 out: [R0, R2, R4, R5, R6, R8, R9, T-1, T3, T7]
7 in:  [R0, R2, R4, R6, R8, R9, T-1, T7]
7 out: [R0, R2, R4, R6, R8, R9, T-1, T7]
8 in:  [R0, R2, R4, R5, R6, R8, R9, T-1, T3, T7]
8 out: [R0, R1, R2, R4, R5, R8, R9, T-1, T3, T7]
9 in:  [R0, R1, R2, R4, R5, R8, R9, T-1, T3, T7]
9 out: [R0, R1, R2, R4, R5, R6, R8, R9, T-1, T3, T7]
10 in:  [R0, R1, R2, R4, R5, R6, R8, R9, T-1, T3, T7]
10 out: [R0, R1, R2, R4, R5, R6, R8, R9, T-1, T3, T7]
11 in:  [R0, R1, R2, R4, R5, R6, R8, R9, T-1, T3, T7]
11 out: [R0, R1, R2, R4, R5, R6, R8, R9, T-1, T3, T7]
15 in:  [R0, R1, R2, R4, R5, R6, R8, R9, T-1, T3, T7]
15 out: [R0, R1, R2, R4, R5, R6, R8, R9, T-1, T3, T7]
16 in:  [R0, R1, R2, R4, R5, R6, R8, R9, T-1, T3, T7]
16 out: [R0, R1, R2, R4, R5, R6, R8, R9, T-1, T3, T7]
17 in:  [R0, R1, R2, R4, R5, R6, R8, R9, T-1, T3, T7]
17 out: [R0, R1, R2, R4, R5, R6, R8, R9, T-1, T3, T7]
exit: [R0, R1, R2, R4, R5, R6, R8, R9, T-1, T3, T7]
